// Jest Snapshot v1, https://goo.gl/fbAQLP

exports[`LibraryContainer Test that Library Item renders correctly 1`] = `
ShallowWrapper {
  "complexSelector": ComplexSelector {
    "buildPredicate": [Function],
    "childrenOfNode": [Function],
    "findWhereUnwrapped": [Function],
  },
  "length": 1,
  "node": <div
    className="LibraryItemContainerNone"
>
    <div
        className="LibraryItemHeader"
        onClick={[Function]}
        onMouseLeave={[Function]}
        onMouseOver={[Function]}
    >
        <img
            className="Arrow"
            onError={[Function]}
            src="test-file-stub"
        />
        <img
            className="LibraryItemIcon"
            onError={[Function]}
            src=""
        />
        <div
            className="LibraryItemText"
        >
            TestItem
        </div>
    </div>
    <div
        className="LibraryItemBodyContainer"
    >
        <div
            className="LibraryItemBodyElements"
        >
            
        </div>
    </div>
</div>,
  "nodes": Array [
    <div
      className="LibraryItemContainerNone"
>
      <div
            className="LibraryItemHeader"
            onClick={[Function]}
            onMouseLeave={[Function]}
            onMouseOver={[Function]}
      >
            <img
                  className="Arrow"
                  onError={[Function]}
                  src="test-file-stub"
            />
            <img
                  className="LibraryItemIcon"
                  onError={[Function]}
                  src=""
            />
            <div
                  className="LibraryItemText"
            >
                  TestItem
            </div>
      </div>
      <div
            className="LibraryItemBodyContainer"
      >
            <div
                  className="LibraryItemBodyElements"
            >
                  
            </div>
      </div>
</div>,
  ],
  "options": Object {},
  "renderer": ReactShallowRenderer {
    "_instance": ShallowComponentWrapper {
      "_calledComponentWillUnmount": false,
      "_compositeType": 0,
      "_context": Object {},
      "_currentElement": <LibraryItem
        data={
                ItemData {
                        "childItems": Array [
                          ItemData {
                            "childItems": Array [],
                            "contextData": "",
                            "description": "",
                            "expanded": false,
                            "iconUrl": "",
                            "itemType": "category",
                            "keywords": Array [
                              "",
                            ],
                            "parameters": "",
                            "showHeader": true,
                            "text": "Child0",
                            "visible": true,
                            "weight": 0,
                          },
                          ItemData {
                            "childItems": Array [],
                            "contextData": "",
                            "description": "",
                            "expanded": false,
                            "iconUrl": "",
                            "itemType": "category",
                            "keywords": Array [
                              "",
                            ],
                            "parameters": "",
                            "showHeader": true,
                            "text": "Child1",
                            "visible": true,
                            "weight": 0,
                          },
                        ],
                        "contextData": "",
                        "description": "",
                        "expanded": false,
                        "iconUrl": "",
                        "itemType": "none",
                        "keywords": Array [
                          "",
                        ],
                        "parameters": "",
                        "showHeader": true,
                        "text": "TestItem",
                        "visible": true,
                        "weight": 0,
                      }
        }
        libraryContainer={
                LibraryController {
                        "DefaultSectionName": "default",
                        "ItemClickedEventName": "itemClicked",
                        "ItemMouseEnterEventName": "itemMouseEnter",
                        "ItemMouseLeaveEventName": "itemMouseLeave",
                        "MiscSectionName": "Miscellaneous",
                        "SearchTextUpdatedEventName": "searchTextUpdated",
                        "SectionIconClickedEventName": "sectionIconClicked",
                        "createLibraryByElementId": [Function],
                        "createLibraryContainer": [Function],
                        "on": [Function],
                        "raiseEvent": [Function],
                        "reactor": Reactor {
                          "events": Array [],
                        },
                        "refreshLibraryView": [Function],
                        "refreshLibraryViewHandler": null,
                        "searchLibraryItemsHandler": null,
                        "setLayoutSpecsJson": [Function],
                        "setLayoutSpecsJsonHandler": null,
                        "setLoadedTypesJson": [Function],
                        "setLoadedTypesJsonHandler": null,
                      }
        }
/>,
      "_debugID": 1,
      "_hostContainerInfo": null,
      "_hostParent": null,
      "_instance": LibraryItem {
        "_reactInternalInstance": [Circular],
        "context": Object {},
        "props": Object {
          "data": ItemData {
            "childItems": Array [
              ItemData {
                "childItems": Array [],
                "contextData": "",
                "description": "",
                "expanded": false,
                "iconUrl": "",
                "itemType": "category",
                "keywords": Array [
                  "",
                ],
                "parameters": "",
                "showHeader": true,
                "text": "Child0",
                "visible": true,
                "weight": 0,
              },
              ItemData {
                "childItems": Array [],
                "contextData": "",
                "description": "",
                "expanded": false,
                "iconUrl": "",
                "itemType": "category",
                "keywords": Array [
                  "",
                ],
                "parameters": "",
                "showHeader": true,
                "text": "Child1",
                "visible": true,
                "weight": 0,
              },
            ],
            "contextData": "",
            "description": "",
            "expanded": false,
            "iconUrl": "",
            "itemType": "none",
            "keywords": Array [
              "",
            ],
            "parameters": "",
            "showHeader": true,
            "text": "TestItem",
            "visible": true,
            "weight": 0,
          },
          "libraryContainer": LibraryController {
            "DefaultSectionName": "default",
            "ItemClickedEventName": "itemClicked",
            "ItemMouseEnterEventName": "itemMouseEnter",
            "ItemMouseLeaveEventName": "itemMouseLeave",
            "MiscSectionName": "Miscellaneous",
            "SearchTextUpdatedEventName": "searchTextUpdated",
            "SectionIconClickedEventName": "sectionIconClicked",
            "createLibraryByElementId": [Function],
            "createLibraryContainer": [Function],
            "on": [Function],
            "raiseEvent": [Function],
            "reactor": Reactor {
              "events": Array [],
            },
            "refreshLibraryView": [Function],
            "refreshLibraryViewHandler": null,
            "searchLibraryItemsHandler": null,
            "setLayoutSpecsJson": [Function],
            "setLayoutSpecsJsonHandler": null,
            "setLoadedTypesJson": [Function],
            "setLoadedTypesJsonHandler": null,
          },
        },
        "refs": Object {},
        "state": Object {
          "expanded": false,
        },
        "updater": Object {
          "enqueueCallback": [Function],
          "enqueueCallbackInternal": [Function],
          "enqueueElementInternal": [Function],
          "enqueueForceUpdate": [Function],
          "enqueueReplaceState": [Function],
          "enqueueSetState": [Function],
          "isMounted": [Function],
          "validateCallback": [Function],
        },
      },
      "_mountOrder": 1,
      "_pendingCallbacks": null,
      "_pendingElement": null,
      "_pendingForceUpdate": false,
      "_pendingReplaceState": false,
      "_pendingStateQueue": null,
      "_renderedComponent": NoopInternalComponent {
        "_currentElement": <div
          className="LibraryItemContainerNone"
>
          <div
                    className="LibraryItemHeader"
                    onClick={[Function]}
                    onMouseLeave={[Function]}
                    onMouseOver={[Function]}
          >
                    <img
                              className="Arrow"
                              onError={[Function]}
                              src="test-file-stub"
                    />
                    <img
                              className="LibraryItemIcon"
                              onError={[Function]}
                              src=""
                    />
                    <div
                              className="LibraryItemText"
                    >
                              TestItem
                    </div>
          </div>
          <div
                    className="LibraryItemBodyContainer"
          >
                    <div
                              className="LibraryItemBodyElements"
                    >
                              
                    </div>
          </div>
</div>,
        "_debugID": 2,
        "_renderedOutput": <div
          className="LibraryItemContainerNone"
>
          <div
                    className="LibraryItemHeader"
                    onClick={[Function]}
                    onMouseLeave={[Function]}
                    onMouseOver={[Function]}
          >
                    <img
                              className="Arrow"
                              onError={[Function]}
                              src="test-file-stub"
                    />
                    <img
                              className="LibraryItemIcon"
                              onError={[Function]}
                              src=""
                    />
                    <div
                              className="LibraryItemText"
                    >
                              TestItem
                    </div>
          </div>
          <div
                    className="LibraryItemBodyContainer"
          >
                    <div
                              className="LibraryItemBodyElements"
                    >
                              
                    </div>
          </div>
</div>,
      },
      "_renderedNodeType": 0,
      "_rootNodeID": 0,
      "_topLevelWrapper": null,
      "_updateBatchNumber": null,
      "_warnedAboutRefsInRender": false,
    },
    "getRenderOutput": [Function],
    "render": [Function],
  },
  "root": [Circular],
  "unrendered": <LibraryItem
    data={
        ItemData {
            "childItems": Array [
              ItemData {
                "childItems": Array [],
                "contextData": "",
                "description": "",
                "expanded": false,
                "iconUrl": "",
                "itemType": "category",
                "keywords": Array [
                  "",
                ],
                "parameters": "",
                "showHeader": true,
                "text": "Child0",
                "visible": true,
                "weight": 0,
              },
              ItemData {
                "childItems": Array [],
                "contextData": "",
                "description": "",
                "expanded": false,
                "iconUrl": "",
                "itemType": "category",
                "keywords": Array [
                  "",
                ],
                "parameters": "",
                "showHeader": true,
                "text": "Child1",
                "visible": true,
                "weight": 0,
              },
            ],
            "contextData": "",
            "description": "",
            "expanded": false,
            "iconUrl": "",
            "itemType": "none",
            "keywords": Array [
              "",
            ],
            "parameters": "",
            "showHeader": true,
            "text": "TestItem",
            "visible": true,
            "weight": 0,
          }
    }
    libraryContainer={
        LibraryController {
            "DefaultSectionName": "default",
            "ItemClickedEventName": "itemClicked",
            "ItemMouseEnterEventName": "itemMouseEnter",
            "ItemMouseLeaveEventName": "itemMouseLeave",
            "MiscSectionName": "Miscellaneous",
            "SearchTextUpdatedEventName": "searchTextUpdated",
            "SectionIconClickedEventName": "sectionIconClicked",
            "createLibraryByElementId": [Function],
            "createLibraryContainer": [Function],
            "on": [Function],
            "raiseEvent": [Function],
            "reactor": Reactor {
              "events": Array [],
            },
            "refreshLibraryView": [Function],
            "refreshLibraryViewHandler": null,
            "searchLibraryItemsHandler": null,
            "setLayoutSpecsJson": [Function],
            "setLayoutSpecsJsonHandler": null,
            "setLoadedTypesJson": [Function],
            "setLoadedTypesJsonHandler": null,
          }
    }
/>,
}
`;
